2022-04-29 23:02:41,019{GMT}	INFO	[jepsen test runner] jepsen.core: Test version bae23d6808e2deaccba225c2d38d2b71755056ed (plus uncommitted changes)
2022-04-29 23:02:41,020{GMT}	INFO	[jepsen test runner] jepsen.core: Command line:
lein run test --workload lin-kv --bin raft.py --time-limit 3 --concurrency 4n
2022-04-29 23:02:41,085{GMT}	INFO	[jepsen test runner] jepsen.core: Running test:
{:remote #jepsen.control.SSHRemote{:session nil}
 :log-net-send false
 :node-count nil
 :max-txn-length 4
 :concurrency 20
 :db
 #object[maelstrom.db$db$reify__16747
         "0x3a5812dc"
         "maelstrom.db$db$reify__16747@3a5812dc"]
 :max-writes-per-key 16
 :leave-db-running? false
 :name "lin-kv"
 :logging-json? false
 :net-journal #object[clojure.lang.Atom "0x1b9075c9" {:status :ready, :val []}]
 :start-time
 #object[org.joda.time.DateTime "0x75be6796" "2022-04-29T23:02:41.000+01:00"]
 :nemesis-interval 10
 :net
 #object[maelstrom.net$jepsen_adapter$reify__15560
         "0xce24a98"
         "maelstrom.net$jepsen_adapter$reify__15560@ce24a98"]
 :client
 #object[maelstrom.workload.lin_kv$client$reify__17524
         "0x496101d1"
         "maelstrom.workload.lin_kv$client$reify__17524@496101d1"]
 :barrier
 #object[java.util.concurrent.CyclicBarrier
         "0x19858f26"
         "java.util.concurrent.CyclicBarrier@19858f26"]
 :log-stderr false
 :pure-generators true
 :ssh {:dummy? true}
 :rate 5
 :checker
 #object[jepsen.checker$compose$reify__8612
         "0x4c14ed24"
         "jepsen.checker$compose$reify__8612@4c14ed24"]
 :argv
 ("test"
  "--workload"
  "lin-kv"
  "--bin"
  "raft.py"
  "--time-limit"
  "3"
  "--concurrency"
  "4n")
 :nemesis
 (jepsen.nemesis.ReflCompose
  {:fm {:start-partition 0,
        :stop-partition 0,
        :kill 1,
        :start 1,
        :pause 1,
        :resume 1},
   :nemeses [#unprintable "jepsen.nemesis.combined$partition_nemesis$reify__17019@523cc8b4"
             #unprintable "jepsen.nemesis.combined$db_nemesis$reify__17000@139224ab"]})
 :active-histories
 #object[clojure.lang.Atom "0x26db7540" {:status :ready, :val #{}}]
 :nodes ["n1" "n2" "n3" "n4" "n5"]
 :test-count 1
 :latency {:mean 0, :dist :constant}
 :bin "raft.py"
 :generator
 (jepsen.generator.TimeLimit
  {:limit 3000000000,
   :cutoff nil,
   :gen (jepsen.generator.Any
         {:gens [(jepsen.generator.OnThreads {:f #{:nemesis}, :gen nil})
                 (jepsen.generator.OnThreads
                  {:f #object[clojure.core$complement$fn__5654
                              "0x1bc6a43c"
                              "clojure.core$complement$fn__5654@1bc6a43c"],
                   :gen (jepsen.generator.Stagger
                         {:dt 400000000,
                          :next-time nil,
                          :gen (jepsen.generator.OnThreads
                                {:f #object[clojure.core$complement$fn__5654
                                            "0x5f3fa154"
                                            "clojure.core$complement$fn__5654@5f3fa154"],
                                 :gen (jepsen.independent.ConcurrentGenerator
                                       {:n 10,
                                        :fgen #object[jepsen.tests.linearizable_register$test$fn__17324
                                                      "0x6193340e"
                                                      "jepsen.tests.linearizable_register$test$fn__17324@6193340e"],
                                        :group->threads nil,
                                        :thread->group nil,
                                        :keys (0 1 2 3 4 5 6 7 ...),
                                        :gens nil})})})})]})})
 :log-net-recv false
 :os
 #object[jepsen.os$reify__2490 "0x158774d3" "jepsen.os$reify__2490@158774d3"]
 :time-limit 3
 :workload :lin-kv
 :consistency-models [:strict-serializable]
 :topology :grid}

2022-04-29 23:02:41,093{GMT}	INFO	[jepsen test runner] jepsen.db: Tearing down DB
2022-04-29 23:02:41,095{GMT}	INFO	[jepsen test runner] jepsen.db: Setting up DB
2022-04-29 23:02:41,097{GMT}	INFO	[jepsen node n4] maelstrom.db: Setting up n4
2022-04-29 23:02:41,097{GMT}	INFO	[jepsen node n2] maelstrom.db: Setting up n2
2022-04-29 23:02:41,097{GMT}	INFO	[jepsen node n5] maelstrom.db: Setting up n5
2022-04-29 23:02:41,098{GMT}	INFO	[jepsen node n5] maelstrom.process: launching raft.py nil
2022-04-29 23:02:41,098{GMT}	INFO	[jepsen node n4] maelstrom.process: launching raft.py nil
2022-04-29 23:02:41,097{GMT}	INFO	[jepsen node n3] maelstrom.db: Setting up n3
2022-04-29 23:02:41,098{GMT}	INFO	[jepsen node n2] maelstrom.process: launching raft.py nil
2022-04-29 23:02:41,098{GMT}	INFO	[jepsen node n3] maelstrom.process: launching raft.py nil
2022-04-29 23:02:41,100{GMT}	INFO	[jepsen node n1] maelstrom.service: Starting services: (lin-kv lin-tso lww-kv seq-kv)
2022-04-29 23:02:41,145{GMT}	INFO	[jepsen node n1] maelstrom.db: Setting up n1
2022-04-29 23:02:41,146{GMT}	INFO	[jepsen node n1] maelstrom.process: launching raft.py nil
2022-04-29 23:02:41,176{GMT}	INFO	[jepsen test runner] jepsen.core: Relative time begins now
2022-04-29 23:02:41,200{GMT}	INFO	[jepsen worker 13] jepsen.util: 13	:invoke	:write	[1 0]
2022-04-29 23:02:41,206{GMT}	INFO	[jepsen worker 13] jepsen.util: 13	:info	:write	[1 0]	[:unknown "Not Leader"]
2022-04-29 23:02:41,558{GMT}	INFO	[jepsen worker 0] jepsen.util: 0	:invoke	:read	[0 nil]
2022-04-29 23:02:41,563{GMT}	INFO	[jepsen worker 0] jepsen.util: 0	:fail	:read	[0 nil]	[:unknown "Invalid Key"]
2022-04-29 23:02:41,618{GMT}	INFO	[jepsen worker 18] jepsen.util: 18	:invoke	:cas	[1 [1 3]]
2022-04-29 23:02:41,622{GMT}	INFO	[jepsen worker 18] jepsen.util: 18	:info	:cas	[1 [1 3]]	[:unknown "Not Leader"]
2022-04-29 23:02:41,708{GMT}	INFO	[jepsen worker 17] jepsen.util: 17	:invoke	:cas	[1 [2 0]]
2022-04-29 23:02:41,714{GMT}	INFO	[jepsen worker 17] jepsen.util: 17	:info	:cas	[1 [2 0]]	[:unknown "Not Leader"]
2022-04-29 23:02:42,047{GMT}	INFO	[jepsen worker 15] jepsen.util: 15	:invoke	:cas	[1 [0 4]]
2022-04-29 23:02:42,383{GMT}	INFO	[jepsen worker 7] jepsen.util: 7	:invoke	:write	[0 3]
2022-04-29 23:02:42,388{GMT}	INFO	[jepsen worker 7] jepsen.util: 7	:info	:write	[0 3]	[:unknown "Not Leader"]
2022-04-29 23:02:42,476{GMT}	INFO	[jepsen worker 16] jepsen.util: 16	:invoke	:write	[1 3]
2022-04-29 23:02:42,480{GMT}	INFO	[jepsen worker 16] jepsen.util: 16	:info	:write	[1 3]	[:unknown "Not Leader"]
2022-04-29 23:02:42,565{GMT}	INFO	[jepsen worker 18] jepsen.util: 38	:invoke	:cas	[1 [0 0]]
2022-04-29 23:02:42,569{GMT}	INFO	[jepsen worker 18] jepsen.util: 38	:info	:cas	[1 [0 0]]	[:unknown "Not Leader"]
2022-04-29 23:02:42,649{GMT}	INFO	[jepsen worker 7] jepsen.util: 27	:invoke	:write	[0 4]
2022-04-29 23:02:42,651{GMT}	INFO	[jepsen worker 7] jepsen.util: 27	:info	:write	[0 4]	[:unknown "Not Leader"]
2022-04-29 23:02:42,797{GMT}	INFO	[jepsen worker 6] jepsen.util: 6	:invoke	:cas	[0 [1 1]]
2022-04-29 23:02:42,803{GMT}	INFO	[jepsen worker 6] jepsen.util: 6	:info	:cas	[0 [1 1]]	[:unknown "Not Leader"]
2022-04-29 23:02:42,809{GMT}	INFO	[jepsen worker 11] jepsen.util: 11	:invoke	:cas	[1 [1 4]]
2022-04-29 23:02:42,812{GMT}	INFO	[jepsen worker 11] jepsen.util: 11	:info	:cas	[1 [1 4]]	[:unknown "Not Leader"]
2022-04-29 23:02:42,928{GMT}	INFO	[jepsen worker 17] jepsen.util: 37	:invoke	:cas	[1 [1 0]]
2022-04-29 23:02:42,933{GMT}	INFO	[jepsen worker 17] jepsen.util: 37	:info	:cas	[1 [1 0]]	[:unknown "Not Leader"]
2022-04-29 23:02:42,959{GMT}	INFO	[jepsen worker 10] jepsen.util: 10	:invoke	:cas	[1 [4 4]]
2022-04-29 23:02:42,985{GMT}	INFO	[jepsen worker 4] jepsen.util: 4	:invoke	:read	[0 nil]
2022-04-29 23:02:43,048{GMT}	INFO	[jepsen worker 15] jepsen.util: 15	:info	:cas	[1 [0 4]]	:net-timeout
2022-04-29 23:02:43,130{GMT}	INFO	[jepsen worker 19] jepsen.util: 19	:invoke	:cas	[1 [2 0]]
2022-04-29 23:02:43,220{GMT}	INFO	[jepsen worker 8] jepsen.util: 8	:invoke	:cas	[0 [2 0]]
2022-04-29 23:02:43,455{GMT}	INFO	[jepsen worker 1] jepsen.util: 1	:invoke	:read	[0 nil]
2022-04-29 23:02:43,533{GMT}	INFO	[jepsen worker 13] jepsen.util: 33	:invoke	:cas	[1 [4 0]]
2022-04-29 23:02:43,773{GMT}	INFO	[jepsen worker 18] jepsen.util: 58	:invoke	:cas	[1 [0 4]]
2022-04-29 23:02:43,784{GMT}	INFO	[jepsen worker 15] jepsen.util: 35	:invoke	:write	[1 1]
2022-04-29 23:02:43,943{GMT}	INFO	[jepsen worker 16] jepsen.util: 36	:invoke	:cas	[1 [1 1]]
2022-04-29 23:02:43,960{GMT}	INFO	[jepsen worker 10] jepsen.util: 10	:info	:cas	[1 [4 4]]	:net-timeout
2022-04-29 23:02:43,986{GMT}	INFO	[jepsen worker 4] jepsen.util: 4	:fail	:read	[0 nil]	:net-timeout
2022-04-29 23:02:44,038{GMT}	INFO	[jepsen worker 2] jepsen.util: 2	:invoke	:read	[0 nil]
2022-04-29 23:02:44,130{GMT}	INFO	[jepsen worker 19] jepsen.util: 19	:info	:cas	[1 [2 0]]	:net-timeout
2022-04-29 23:02:44,220{GMT}	INFO	[jepsen worker 8] jepsen.util: 8	:info	:cas	[0 [2 0]]	:net-timeout
2022-04-29 23:02:44,455{GMT}	INFO	[jepsen worker 1] jepsen.util: 1	:fail	:read	[0 nil]	:net-timeout
2022-04-29 23:02:44,537{GMT}	INFO	[jepsen worker 13] jepsen.util: 33	:info	:cas	[1 [4 0]]	:net-timeout
2022-04-29 23:02:44,776{GMT}	INFO	[jepsen worker 18] jepsen.util: 58	:info	:cas	[1 [0 4]]	:net-timeout
2022-04-29 23:02:44,784{GMT}	INFO	[jepsen worker 15] jepsen.util: 35	:info	:write	[1 1]	:net-timeout
2022-04-29 23:02:44,943{GMT}	INFO	[jepsen worker 16] jepsen.util: 36	:info	:cas	[1 [1 1]]	:net-timeout
2022-04-29 23:02:45,044{GMT}	INFO	[jepsen worker 2] jepsen.util: 2	:fail	:read	[0 nil]	:net-timeout
2022-04-29 23:02:45,122{GMT}	INFO	[jepsen node n1] maelstrom.db: Tearing down n1
2022-04-29 23:02:45,133{GMT}	INFO	[jepsen node n2] maelstrom.db: Tearing down n2
2022-04-29 23:02:45,144{GMT}	INFO	[jepsen node n3] maelstrom.db: Tearing down n3
2022-04-29 23:02:45,144{GMT}	INFO	[jepsen node n4] maelstrom.db: Tearing down n4
2022-04-29 23:02:45,144{GMT}	INFO	[jepsen node n5] maelstrom.db: Tearing down n5
2022-04-29 23:02:45,806{GMT}	WARN	[main] jepsen.core: Test crashed!
clojure.lang.ExceptionInfo: Node n5 crashed with exit status 1. Before crashing, it wrote to STDOUT:

{"dest": "c1", "src": "n5", "body": {"msg_id": 1, "in_reply_to": 1, "type": "init_ok"}}
{"dest": "n1", "src": "n5", "body": {"msg_id": 2, "in_reply_to": 5, "type": "AppendEntriesRes", "res": true, "term": 0, "next": 1, "commit": 0}}
{"dest": "n1", "src": "n5", "body": {"msg_id": 3, "in_reply_to": 10, "type": "AppendEntriesRes", "res": true, "term": 0, "next": 1, "commit": 0}}

And to STDERR:

DEBUG:root:received {"dest":"n5","body":{"type":"init","node_id":"n5","node_ids":["n1","n2","n3","n4","n5"],"msg_id":1},"src":"c1","id":1}
INFO:root:node n5 initialized
DEBUG:root:sending {"dest": "c1", "src": "n5", "body": {"msg_id": 1, "in_reply_to": 1, "type": "init_ok"}}
DEBUG:root:received {"dest":"n5","src":"n1","body":{"msg_id":5,"type":"AppendEntries","term":0,"prevIndex":0,"prevTerm":0,"entries":[[["pass",null],0]],"commit":0},"id":13}
DEBUG:root:sending {"dest": "n1", "src": "n5", "body": {"msg_id": 2, "in_reply_to": 5, "type": "AppendEntriesRes", "res": true, "term": 0, "next": 1, "commit": 0}}
DEBUG:root:received {"dest":"n5","src":"n1","body":{"msg_id":10,"type":"AppendEntries","term":0,"prevIndex":0,"prevTerm":0,"entries":[["cas",[1,[0,4]],0]],"commit":0},"id":31}
DEBUG:root:sending {"dest": "n1", "src": "n5", "body": {"msg_id": 3, "in_reply_to": 10, "type": "AppendEntriesRes", "res": true, "term": 0, "next": 1, "commit": 0}}
DEBUG:root:received {"dest":"n5","src":"n1","body":{"msg_id":14,"type":"AppendEntries","term":0,"prevIndex":0,"prevTerm":0,"entries":[["cas",[1,[0,4]],0],["cas",[1,[4,4]],0]],"commit":0},"id":53}
ERROR:root:fatal exception in handler
Traceback (most recent call last):
  File "/home/peter/Documents/tf/lab3/raft.py", line 278, in handle
    a = log[msg.body.prevIndex]
IndexError: list index out of range

During handling of the above exception, another exception occurred:

Traceback (most recent call last):
  File "/home/peter/Documents/tf/lab3/ms.py", line 27, in exitOnError
    fn(*args)
  File "/home/peter/Documents/tf/lab3/raft.py", line 280, in handle
    buildString([ "280",log,msg.body.prevIndex,commitIndex,node_id])
  File "/home/peter/Documents/tf/lab3/raft.py", line 58, in buildString
    raise Exception(s)
Exception: 280
[]
0
0
n5


Full STDERR logs are available in /home/peter/Documents/tf/lab3/store/lin-kv/20220429T230241.000+0100/node-logs/n5.log
	at slingshot.support$stack_trace.invoke(support.clj:201)
	at maelstrom.process$stop_node_BANG_.invokeStatic(process.clj:239)
	at maelstrom.process$stop_node_BANG_.invoke(process.clj:217)
	at maelstrom.db$db$reify__16747.teardown_BANG_(db.clj:75)
	at jepsen.db$fn__3285$G__3281__3289.invoke(db.clj:11)
	at jepsen.db$fn__3285$G__3280__3294.invoke(db.clj:11)
	at clojure.core$partial$fn__5824.invoke(core.clj:2625)
	at jepsen.control$on_nodes$fn__3165.invoke(control.clj:452)
	at clojure.lang.AFn.applyToHelper(AFn.java:154)
	at clojure.lang.AFn.applyTo(AFn.java:144)
	at clojure.core$apply.invokeStatic(core.clj:665)
	at clojure.core$with_bindings_STAR_.invokeStatic(core.clj:1973)
	at clojure.core$with_bindings_STAR_.doInvoke(core.clj:1973)
	at clojure.lang.RestFn.applyTo(RestFn.java:142)
	at clojure.core$apply.invokeStatic(core.clj:669)
	at clojure.core$bound_fn_STAR_$fn__5734.doInvoke(core.clj:2003)
	at clojure.lang.RestFn.invoke(RestFn.java:408)
	at dom_top.core$real_pmap_helper$build_thread__213$fn__214.invoke(core.clj:146)
	at clojure.lang.AFn.applyToHelper(AFn.java:152)
	at clojure.lang.AFn.applyTo(AFn.java:144)
	at clojure.core$apply.invokeStatic(core.clj:665)
	at clojure.core$with_bindings_STAR_.invokeStatic(core.clj:1973)
	at clojure.core$with_bindings_STAR_.doInvoke(core.clj:1973)
	at clojure.lang.RestFn.invoke(RestFn.java:425)
	at clojure.lang.AFn.applyToHelper(AFn.java:156)
	at clojure.lang.RestFn.applyTo(RestFn.java:132)
	at clojure.core$apply.invokeStatic(core.clj:669)
	at clojure.core$bound_fn_STAR_$fn__5734.doInvoke(core.clj:2003)
	at clojure.lang.RestFn.invoke(RestFn.java:397)
	at clojure.lang.AFn.run(AFn.java:22)
	at java.base/java.lang.Thread.run(Thread.java:829)
